// Jest Snapshot v1, https://goo.gl/fbAQLP

exports[`renders correctly 1`] = `
<View
  style={
    Array [
      Object {
        "flexBasis": 0,
        "flexGrow": 1,
        "flexShrink": 1,
        "paddingTop": 44,
      },
    ]
  }
>
  <View
    style={
      Array [
        Object {
          "flexDirection": "row",
          "justifyContent": "space-between",
        },
      ]
    }
  >
    <View
      accessible={true}
      focusable={true}
      isTVSelectable={true}
      onClick={[Function]}
      onResponderGrant={[Function]}
      onResponderMove={[Function]}
      onResponderRelease={[Function]}
      onResponderTerminate={[Function]}
      onResponderTerminationRequest={[Function]}
      onStartShouldSetResponder={[Function]}
      style={
        Object {
          "backgroundColor": "#2ac5db",
          "borderBottomRightRadius": 30,
          "borderTopRightRadius": 30,
          "justifyContent": "center",
          "opacity": 1,
          "paddingBottom": 16,
          "paddingLeft": 16,
          "paddingRight": 24,
          "paddingTop": 16,
        }
      }
    >
      <Text
        style={
          Array [
            Object {
              "color": "#ffffff",
              "fontSize": 20,
              "fontWeight": "bold",
            },
          ]
        }
      >
        Restart
      </Text>
    </View>
    <View
      style={
        Array [
          Object {
            "borderColor": "#424c58",
            "borderRadius": 30,
            "borderStyle": "solid",
            "borderWidth": 2,
            "justifyContent": "center",
            "marginRight": 16,
            "paddingBottom": 16,
            "paddingLeft": 24,
            "paddingRight": 24,
            "paddingTop": 16,
          },
        ]
      }
    >
      <Text
        style={
          Array [
            Object {
              "color": "#424c58",
              "fontSize": 20,
              "fontWeight": "bold",
            },
          ]
        }
      >
        STEPS: 
        0
      </Text>
    </View>
  </View>
  <View
    style={
      Array [
        Object {
          "alignContent": "stretch",
          "flexDirection": "row",
          "flexGrow": 1,
          "flexWrap": "wrap",
          "paddingBottom": 8,
          "paddingLeft": 8,
          "paddingRight": 8,
          "paddingTop": 8,
        },
      ]
    }
  >
    <View
      accessible={true}
      focusable={true}
      onClick={[Function]}
      onResponderGrant={[Function]}
      onResponderMove={[Function]}
      onResponderRelease={[Function]}
      onResponderTerminate={[Function]}
      onResponderTerminationRequest={[Function]}
      onStartShouldSetResponder={[Function]}
      style={
        Array [
          Object {
            "flexBasis": "25%",
            "flexGrow": 1,
            "marginBottom": 8,
            "marginLeft": 8,
            "marginRight": 8,
            "marginTop": 8,
          },
        ]
      }
      testID="touchable"
    >
      <View
        style={
          Object {
            "alignItems": "center",
            "backfaceVisibility": "hidden",
            "backgroundColor": "#33c4b3",
            "borderRadius": 30,
            "height": "100%",
            "justifyContent": "center",
            "position": "absolute",
            "transform": Array [
              Object {
                "perspective": 500,
              },
              Object {
                "rotateY": "180deg",
              },
            ],
            "width": "100%",
          }
        }
      >
        <Text
          style={
            Array [
              Object {
                "color": "#ffffff",
                "fontSize": 30,
              },
            ]
          }
        >
          1
        </Text>
      </View>
      <View
        style={
          Object {
            "alignItems": "center",
            "backfaceVisibility": "hidden",
            "backgroundColor": "#424c58",
            "borderRadius": 30,
            "height": "100%",
            "justifyContent": "center",
            "position": "absolute",
            "transform": Array [
              Object {
                "perspective": 500,
              },
              Object {
                "rotateY": "0deg",
              },
            ],
            "width": "100%",
          }
        }
      >
        <Image
          resizeMode="contain"
          source={1}
          style={
            Array [
              Object {
                "height": "100%",
                "width": "100%",
              },
            ]
          }
        />
      </View>
    </View>
    <View
      accessible={true}
      focusable={true}
      onClick={[Function]}
      onResponderGrant={[Function]}
      onResponderMove={[Function]}
      onResponderRelease={[Function]}
      onResponderTerminate={[Function]}
      onResponderTerminationRequest={[Function]}
      onStartShouldSetResponder={[Function]}
      style={
        Array [
          Object {
            "flexBasis": "25%",
            "flexGrow": 1,
            "marginBottom": 8,
            "marginLeft": 8,
            "marginRight": 8,
            "marginTop": 8,
          },
        ]
      }
      testID="touchable"
    >
      <View
        style={
          Object {
            "alignItems": "center",
            "backfaceVisibility": "hidden",
            "backgroundColor": "#33c4b3",
            "borderRadius": 30,
            "height": "100%",
            "justifyContent": "center",
            "position": "absolute",
            "transform": Array [
              Object {
                "perspective": 500,
              },
              Object {
                "rotateY": "180deg",
              },
            ],
            "width": "100%",
          }
        }
      >
        <Text
          style={
            Array [
              Object {
                "color": "#ffffff",
                "fontSize": 30,
              },
            ]
          }
        >
          1
        </Text>
      </View>
      <View
        style={
          Object {
            "alignItems": "center",
            "backfaceVisibility": "hidden",
            "backgroundColor": "#424c58",
            "borderRadius": 30,
            "height": "100%",
            "justifyContent": "center",
            "position": "absolute",
            "transform": Array [
              Object {
                "perspective": 500,
              },
              Object {
                "rotateY": "0deg",
              },
            ],
            "width": "100%",
          }
        }
      >
        <Image
          resizeMode="contain"
          source={1}
          style={
            Array [
              Object {
                "height": "100%",
                "width": "100%",
              },
            ]
          }
        />
      </View>
    </View>
    <View
      accessible={true}
      focusable={true}
      onClick={[Function]}
      onResponderGrant={[Function]}
      onResponderMove={[Function]}
      onResponderRelease={[Function]}
      onResponderTerminate={[Function]}
      onResponderTerminationRequest={[Function]}
      onStartShouldSetResponder={[Function]}
      style={
        Array [
          Object {
            "flexBasis": "25%",
            "flexGrow": 1,
            "marginBottom": 8,
            "marginLeft": 8,
            "marginRight": 8,
            "marginTop": 8,
          },
        ]
      }
      testID="touchable"
    >
      <View
        style={
          Object {
            "alignItems": "center",
            "backfaceVisibility": "hidden",
            "backgroundColor": "#33c4b3",
            "borderRadius": 30,
            "height": "100%",
            "justifyContent": "center",
            "position": "absolute",
            "transform": Array [
              Object {
                "perspective": 500,
              },
              Object {
                "rotateY": "180deg",
              },
            ],
            "width": "100%",
          }
        }
      >
        <Text
          style={
            Array [
              Object {
                "color": "#ffffff",
                "fontSize": 30,
              },
            ]
          }
        >
          2
        </Text>
      </View>
      <View
        style={
          Object {
            "alignItems": "center",
            "backfaceVisibility": "hidden",
            "backgroundColor": "#424c58",
            "borderRadius": 30,
            "height": "100%",
            "justifyContent": "center",
            "position": "absolute",
            "transform": Array [
              Object {
                "perspective": 500,
              },
              Object {
                "rotateY": "0deg",
              },
            ],
            "width": "100%",
          }
        }
      >
        <Image
          resizeMode="contain"
          source={1}
          style={
            Array [
              Object {
                "height": "100%",
                "width": "100%",
              },
            ]
          }
        />
      </View>
    </View>
    <View
      accessible={true}
      focusable={true}
      onClick={[Function]}
      onResponderGrant={[Function]}
      onResponderMove={[Function]}
      onResponderRelease={[Function]}
      onResponderTerminate={[Function]}
      onResponderTerminationRequest={[Function]}
      onStartShouldSetResponder={[Function]}
      style={
        Array [
          Object {
            "flexBasis": "25%",
            "flexGrow": 1,
            "marginBottom": 8,
            "marginLeft": 8,
            "marginRight": 8,
            "marginTop": 8,
          },
        ]
      }
      testID="touchable"
    >
      <View
        style={
          Object {
            "alignItems": "center",
            "backfaceVisibility": "hidden",
            "backgroundColor": "#33c4b3",
            "borderRadius": 30,
            "height": "100%",
            "justifyContent": "center",
            "position": "absolute",
            "transform": Array [
              Object {
                "perspective": 500,
              },
              Object {
                "rotateY": "180deg",
              },
            ],
            "width": "100%",
          }
        }
      >
        <Text
          style={
            Array [
              Object {
                "color": "#ffffff",
                "fontSize": 30,
              },
            ]
          }
        >
          2
        </Text>
      </View>
      <View
        style={
          Object {
            "alignItems": "center",
            "backfaceVisibility": "hidden",
            "backgroundColor": "#424c58",
            "borderRadius": 30,
            "height": "100%",
            "justifyContent": "center",
            "position": "absolute",
            "transform": Array [
              Object {
                "perspective": 500,
              },
              Object {
                "rotateY": "0deg",
              },
            ],
            "width": "100%",
          }
        }
      >
        <Image
          resizeMode="contain"
          source={1}
          style={
            Array [
              Object {
                "height": "100%",
                "width": "100%",
              },
            ]
          }
        />
      </View>
    </View>
    <View
      accessible={true}
      focusable={true}
      onClick={[Function]}
      onResponderGrant={[Function]}
      onResponderMove={[Function]}
      onResponderRelease={[Function]}
      onResponderTerminate={[Function]}
      onResponderTerminationRequest={[Function]}
      onStartShouldSetResponder={[Function]}
      style={
        Array [
          Object {
            "flexBasis": "25%",
            "flexGrow": 1,
            "marginBottom": 8,
            "marginLeft": 8,
            "marginRight": 8,
            "marginTop": 8,
          },
        ]
      }
      testID="touchable"
    >
      <View
        style={
          Object {
            "alignItems": "center",
            "backfaceVisibility": "hidden",
            "backgroundColor": "#33c4b3",
            "borderRadius": 30,
            "height": "100%",
            "justifyContent": "center",
            "position": "absolute",
            "transform": Array [
              Object {
                "perspective": 500,
              },
              Object {
                "rotateY": "180deg",
              },
            ],
            "width": "100%",
          }
        }
      >
        <Text
          style={
            Array [
              Object {
                "color": "#ffffff",
                "fontSize": 30,
              },
            ]
          }
        >
          3
        </Text>
      </View>
      <View
        style={
          Object {
            "alignItems": "center",
            "backfaceVisibility": "hidden",
            "backgroundColor": "#424c58",
            "borderRadius": 30,
            "height": "100%",
            "justifyContent": "center",
            "position": "absolute",
            "transform": Array [
              Object {
                "perspective": 500,
              },
              Object {
                "rotateY": "0deg",
              },
            ],
            "width": "100%",
          }
        }
      >
        <Image
          resizeMode="contain"
          source={1}
          style={
            Array [
              Object {
                "height": "100%",
                "width": "100%",
              },
            ]
          }
        />
      </View>
    </View>
    <View
      accessible={true}
      focusable={true}
      onClick={[Function]}
      onResponderGrant={[Function]}
      onResponderMove={[Function]}
      onResponderRelease={[Function]}
      onResponderTerminate={[Function]}
      onResponderTerminationRequest={[Function]}
      onStartShouldSetResponder={[Function]}
      style={
        Array [
          Object {
            "flexBasis": "25%",
            "flexGrow": 1,
            "marginBottom": 8,
            "marginLeft": 8,
            "marginRight": 8,
            "marginTop": 8,
          },
        ]
      }
      testID="touchable"
    >
      <View
        style={
          Object {
            "alignItems": "center",
            "backfaceVisibility": "hidden",
            "backgroundColor": "#33c4b3",
            "borderRadius": 30,
            "height": "100%",
            "justifyContent": "center",
            "position": "absolute",
            "transform": Array [
              Object {
                "perspective": 500,
              },
              Object {
                "rotateY": "180deg",
              },
            ],
            "width": "100%",
          }
        }
      >
        <Text
          style={
            Array [
              Object {
                "color": "#ffffff",
                "fontSize": 30,
              },
            ]
          }
        >
          4
        </Text>
      </View>
      <View
        style={
          Object {
            "alignItems": "center",
            "backfaceVisibility": "hidden",
            "backgroundColor": "#424c58",
            "borderRadius": 30,
            "height": "100%",
            "justifyContent": "center",
            "position": "absolute",
            "transform": Array [
              Object {
                "perspective": 500,
              },
              Object {
                "rotateY": "0deg",
              },
            ],
            "width": "100%",
          }
        }
      >
        <Image
          resizeMode="contain"
          source={1}
          style={
            Array [
              Object {
                "height": "100%",
                "width": "100%",
              },
            ]
          }
        />
      </View>
    </View>
    <View
      accessible={true}
      focusable={true}
      onClick={[Function]}
      onResponderGrant={[Function]}
      onResponderMove={[Function]}
      onResponderRelease={[Function]}
      onResponderTerminate={[Function]}
      onResponderTerminationRequest={[Function]}
      onStartShouldSetResponder={[Function]}
      style={
        Array [
          Object {
            "flexBasis": "25%",
            "flexGrow": 1,
            "marginBottom": 8,
            "marginLeft": 8,
            "marginRight": 8,
            "marginTop": 8,
          },
        ]
      }
      testID="touchable"
    >
      <View
        style={
          Object {
            "alignItems": "center",
            "backfaceVisibility": "hidden",
            "backgroundColor": "#33c4b3",
            "borderRadius": 30,
            "height": "100%",
            "justifyContent": "center",
            "position": "absolute",
            "transform": Array [
              Object {
                "perspective": 500,
              },
              Object {
                "rotateY": "180deg",
              },
            ],
            "width": "100%",
          }
        }
      >
        <Text
          style={
            Array [
              Object {
                "color": "#ffffff",
                "fontSize": 30,
              },
            ]
          }
        >
          5
        </Text>
      </View>
      <View
        style={
          Object {
            "alignItems": "center",
            "backfaceVisibility": "hidden",
            "backgroundColor": "#424c58",
            "borderRadius": 30,
            "height": "100%",
            "justifyContent": "center",
            "position": "absolute",
            "transform": Array [
              Object {
                "perspective": 500,
              },
              Object {
                "rotateY": "0deg",
              },
            ],
            "width": "100%",
          }
        }
      >
        <Image
          resizeMode="contain"
          source={1}
          style={
            Array [
              Object {
                "height": "100%",
                "width": "100%",
              },
            ]
          }
        />
      </View>
    </View>
    <View
      accessible={true}
      focusable={true}
      onClick={[Function]}
      onResponderGrant={[Function]}
      onResponderMove={[Function]}
      onResponderRelease={[Function]}
      onResponderTerminate={[Function]}
      onResponderTerminationRequest={[Function]}
      onStartShouldSetResponder={[Function]}
      style={
        Array [
          Object {
            "flexBasis": "25%",
            "flexGrow": 1,
            "marginBottom": 8,
            "marginLeft": 8,
            "marginRight": 8,
            "marginTop": 8,
          },
        ]
      }
      testID="touchable"
    >
      <View
        style={
          Object {
            "alignItems": "center",
            "backfaceVisibility": "hidden",
            "backgroundColor": "#33c4b3",
            "borderRadius": 30,
            "height": "100%",
            "justifyContent": "center",
            "position": "absolute",
            "transform": Array [
              Object {
                "perspective": 500,
              },
              Object {
                "rotateY": "180deg",
              },
            ],
            "width": "100%",
          }
        }
      >
        <Text
          style={
            Array [
              Object {
                "color": "#ffffff",
                "fontSize": 30,
              },
            ]
          }
        >
          5
        </Text>
      </View>
      <View
        style={
          Object {
            "alignItems": "center",
            "backfaceVisibility": "hidden",
            "backgroundColor": "#424c58",
            "borderRadius": 30,
            "height": "100%",
            "justifyContent": "center",
            "position": "absolute",
            "transform": Array [
              Object {
                "perspective": 500,
              },
              Object {
                "rotateY": "0deg",
              },
            ],
            "width": "100%",
          }
        }
      >
        <Image
          resizeMode="contain"
          source={1}
          style={
            Array [
              Object {
                "height": "100%",
                "width": "100%",
              },
            ]
          }
        />
      </View>
    </View>
    <View
      accessible={true}
      focusable={true}
      onClick={[Function]}
      onResponderGrant={[Function]}
      onResponderMove={[Function]}
      onResponderRelease={[Function]}
      onResponderTerminate={[Function]}
      onResponderTerminationRequest={[Function]}
      onStartShouldSetResponder={[Function]}
      style={
        Array [
          Object {
            "flexBasis": "25%",
            "flexGrow": 1,
            "marginBottom": 8,
            "marginLeft": 8,
            "marginRight": 8,
            "marginTop": 8,
          },
        ]
      }
      testID="touchable"
    >
      <View
        style={
          Object {
            "alignItems": "center",
            "backfaceVisibility": "hidden",
            "backgroundColor": "#33c4b3",
            "borderRadius": 30,
            "height": "100%",
            "justifyContent": "center",
            "position": "absolute",
            "transform": Array [
              Object {
                "perspective": 500,
              },
              Object {
                "rotateY": "180deg",
              },
            ],
            "width": "100%",
          }
        }
      >
        <Text
          style={
            Array [
              Object {
                "color": "#ffffff",
                "fontSize": 30,
              },
            ]
          }
        >
          6
        </Text>
      </View>
      <View
        style={
          Object {
            "alignItems": "center",
            "backfaceVisibility": "hidden",
            "backgroundColor": "#424c58",
            "borderRadius": 30,
            "height": "100%",
            "justifyContent": "center",
            "position": "absolute",
            "transform": Array [
              Object {
                "perspective": 500,
              },
              Object {
                "rotateY": "0deg",
              },
            ],
            "width": "100%",
          }
        }
      >
        <Image
          resizeMode="contain"
          source={1}
          style={
            Array [
              Object {
                "height": "100%",
                "width": "100%",
              },
            ]
          }
        />
      </View>
    </View>
    <View
      accessible={true}
      focusable={true}
      onClick={[Function]}
      onResponderGrant={[Function]}
      onResponderMove={[Function]}
      onResponderRelease={[Function]}
      onResponderTerminate={[Function]}
      onResponderTerminationRequest={[Function]}
      onStartShouldSetResponder={[Function]}
      style={
        Array [
          Object {
            "flexBasis": "25%",
            "flexGrow": 1,
            "marginBottom": 8,
            "marginLeft": 8,
            "marginRight": 8,
            "marginTop": 8,
          },
        ]
      }
      testID="touchable"
    >
      <View
        style={
          Object {
            "alignItems": "center",
            "backfaceVisibility": "hidden",
            "backgroundColor": "#33c4b3",
            "borderRadius": 30,
            "height": "100%",
            "justifyContent": "center",
            "position": "absolute",
            "transform": Array [
              Object {
                "perspective": 500,
              },
              Object {
                "rotateY": "180deg",
              },
            ],
            "width": "100%",
          }
        }
      >
        <Text
          style={
            Array [
              Object {
                "color": "#ffffff",
                "fontSize": 30,
              },
            ]
          }
        >
          6
        </Text>
      </View>
      <View
        style={
          Object {
            "alignItems": "center",
            "backfaceVisibility": "hidden",
            "backgroundColor": "#424c58",
            "borderRadius": 30,
            "height": "100%",
            "justifyContent": "center",
            "position": "absolute",
            "transform": Array [
              Object {
                "perspective": 500,
              },
              Object {
                "rotateY": "0deg",
              },
            ],
            "width": "100%",
          }
        }
      >
        <Image
          resizeMode="contain"
          source={1}
          style={
            Array [
              Object {
                "height": "100%",
                "width": "100%",
              },
            ]
          }
        />
      </View>
    </View>
  </View>
  <Modal
    animationType="fade"
    hardwareAccelerated={false}
    style={
      Array [
        Object {},
      ]
    }
    transparent={true}
    visible={false}
  >
    <View
      style={
        Array [
          Object {
            "alignItems": "center",
            "backgroundColor": "rgba(0, 0, 0, 0.2)",
            "flexBasis": 0,
            "flexGrow": 1,
            "flexShrink": 1,
            "justifyContent": "center",
            "shadowColor": "rgba(0, 0, 0, 0.5)",
            "shadowOffset": Object {
              "height": 5,
              "width": 0,
            },
            "shadowOpacity": 1,
            "shadowRadius": 10,
          },
        ]
      }
    >
      <View
        style={
          Array [
            Object {
              "alignItems": "center",
              "backgroundColor": "#ffffff",
              "borderRadius": 30,
              "elevation": 10,
              "paddingBottom": 24,
              "paddingLeft": 24,
              "paddingRight": 24,
              "paddingTop": 24,
            },
          ]
        }
      >
        <Image
          resizeMode="cover"
          source={1}
          style={
            Array [
              Object {
                "height": 100,
                "width": 100,
              },
            ]
          }
        />
        <Text
          style={
            Array [
              Object {
                "color": "#424c58",
                "fontSize": 20,
                "paddingTop": 16,
              },
            ]
          }
        >
          Congratulation!!
        </Text>
        <Text
          style={
            Array [
              Object {
                "color": "#424c58",
                "fontSize": 16,
                "paddingBottom": 16,
                "paddingTop": 16,
              },
            ]
          }
        >
          You win this game by 
          0
           steps
        </Text>
        <View
          accessible={true}
          focusable={true}
          isTVSelectable={true}
          onClick={[Function]}
          onResponderGrant={[Function]}
          onResponderMove={[Function]}
          onResponderRelease={[Function]}
          onResponderTerminate={[Function]}
          onResponderTerminationRequest={[Function]}
          onStartShouldSetResponder={[Function]}
          style={
            Object {
              "backgroundColor": "#2ac5db",
              "borderRadius": 30,
              "justifyContent": "center",
              "opacity": 1,
              "paddingBottom": 16,
              "paddingLeft": 16,
              "paddingRight": 16,
              "paddingTop": 16,
            }
          }
        >
          <Text
            style={
              Array [
                Object {
                  "color": "#ffffff",
                  "fontSize": 20,
                  "fontWeight": "bold",
                },
              ]
            }
          >
            One more game?
          </Text>
        </View>
      </View>
    </View>
  </Modal>
</View>
`;
